103(134), fixed
201(134), doesn't work due to having key K twice (in iters and data)
511(134), doesn't work due to having key K twice (in iters and data)
512(134), doesn't work due to having key K twice (in iters and data)
513(134), doesn't work due to having key K twice (in iters and data)
601(134), doesn't work due to having key K twice (in iters and data)
602(134), doesn't work due to having key K twice (in iters and data) 
604(134)  (maybe?) doesn't work due to having key K twice (in iters and data)


c – nie kompiluje się lub nie linkuje się, lub nie spełnia statycznej asercji;
w – kompilator wypisuje ostrzeżenia;
123 – valgrind zgłasza problem z zarządzaniem pamięcią;
124 – przekroczenie limitu czasu, 1 sekunda na test;
134 – niespełniona asercja lub nieobsłużony wyjątek;
139 – naruszenie ochrony pamięci.